// Jest Snapshot v1, https://goo.gl/fbAQLP

exports[`AppComponent Should match snapshot 1`] = `
<div
  id="root0"
>
  <nav
    class="navbar navbar-expand-lg bg-secondary"
  >
    <div
      class="container-fluid"
    >
      <a
        class="navbar-brand"
        href="#"
      >
        ITEC 5905
      </a>
      <button
        aria-controls="navbarSupportedContent"
        aria-expanded="false"
        aria-label="Toggle navigation"
        class="navbar-toggler"
        data-bs-target="#navbarSupportedContent"
        data-bs-toggle="collapse"
        type="button"
      >
        <span
          class="navbar-toggler-icon"
        />
      </button>
      <div
        class="collapse navbar-collapse"
        id="navbarSupportedContent"
      >
        <ul
          class="navbar-nav me-auto mb-2 mb-lg-0"
        >
          <li
            class="nav-item"
          >
            <a
              aria-current="page"
              class="nav-link active"
              href="#"
            >
              Home
            </a>
          </li>
          <li
            class="nav-item"
          >
            <a
              class="nav-link"
            >
              Artists
            </a>
          </li>
          <li
            class="nav-item dropdown"
          >
            <a
              aria-expanded="false"
              class="nav-link dropdown-toggle"
              data-bs-toggle="dropdown"
              href="#"
              role="button"
            >
               Dropdown 
            </a>
            <ul
              class="dropdown-menu"
            >
              <li>
                <a
                  class="dropdown-item"
                  href="#"
                >
                  Action
                </a>
              </li>
              <li>
                <a
                  class="dropdown-item"
                  href="#"
                >
                  Another action
                </a>
              </li>
              <li>
                <hr
                  class="dropdown-divider"
                />
              </li>
              <li>
                <a
                  class="dropdown-item"
                  href="#"
                >
                  Something else here
                </a>
              </li>
            </ul>
          </li>
          <li
            class="nav-item"
          >
            <a
              class="nav-link disabled"
            >
              Disabled
            </a>
          </li>
        </ul>
        <form
          class="d-flex"
          role="search"
        >
          
          
        </form>
      </div>
    </div>
  </nav>
  <router-outlet />
  
</div>
`;
